[    1433ms] [ERROR] Failed to load resource: the server responded with a status of 404 () @ https://test.refugiodelsatiro.es/_/view/naLogImpressions/:0
[    1846ms] [ERROR] Access to fetch at 'https://play.google.com/log?format=json&hasfast=true&authuser=0' from origin 'https://test.refugiodelsatiro.es' has been blocked by CORS policy: Response to preflight request doesn't pass access control check: The 'Access-Control-Allow-Origin' header has a value 'http://play.google.com' that is not equal to the supplied origin. Have the server send the header with a valid value. @ https://test.refugiodelsatiro.es/:0
[    1847ms] [ERROR] Failed to load resource: net::ERR_FAILED @ https://play.google.com/log?format=json&hasfast=true&authuser=0:0
[    2092ms] [ERROR] Failed to load resource: the server responded with a status of 404 () @ https://test.refugiodelsatiro.es/fonts/open-sans-variable.woff2:0
[    2102ms] [ERROR] Access to fetch at 'https://play.google.com/log?format=json&hasfast=true&authuser=0' from origin 'https://test.refugiodelsatiro.es' has been blocked by CORS policy: Response to preflight request doesn't pass access control check: The 'Access-Control-Allow-Origin' header has a value 'http://play.google.com' that is not equal to the supplied origin. Have the server send the header with a valid value. @ https://test.refugiodelsatiro.es/:0
[    2102ms] [ERROR] Failed to load resource: net::ERR_FAILED @ https://play.google.com/log?format=json&hasfast=true&authuser=0:0
[    4375ms] [ERROR] Access to fetch at 'https://play.google.com/log?format=json&hasfast=true&authuser=0' from origin 'https://test.refugiodelsatiro.es' has been blocked by CORS policy: Response to preflight request doesn't pass access control check: The 'Access-Control-Allow-Origin' header has a value 'http://play.google.com' that is not equal to the supplied origin. Have the server send the header with a valid value. @ https://test.refugiodelsatiro.es/:0
[    4375ms] [ERROR] Failed to load resource: net::ERR_FAILED @ https://play.google.com/log?format=json&hasfast=true&authuser=0:0
[    4430ms] [ERROR] Failed to load resource: the server responded with a status of 404 () @ https://test.refugiodelsatiro.es/_/view/naLogImpressions/:0
[   17918ms] [ERROR] Access to fetch at 'https://play.google.com/log?format=json&hasfast=true&authuser=0' from origin 'https://test.refugiodelsatiro.es' has been blocked by CORS policy: Response to preflight request doesn't pass access control check: The 'Access-Control-Allow-Origin' header has a value 'http://play.google.com' that is not equal to the supplied origin. Have the server send the header with a valid value. @ https://test.refugiodelsatiro.es/calendario/:0
[   17918ms] [ERROR] Failed to load resource: net::ERR_FAILED @ https://play.google.com/log?format=json&hasfast=true&authuser=0:0
[   17919ms] [ERROR] Access to fetch at 'https://play.google.com/log?format=json&hasfast=true&authuser=0' from origin 'https://test.refugiodelsatiro.es' has been blocked by CORS policy: Response to preflight request doesn't pass access control check: The 'Access-Control-Allow-Origin' header has a value 'http://play.google.com' that is not equal to the supplied origin. Have the server send the header with a valid value. @ https://test.refugiodelsatiro.es/calendario/:0
[   17919ms] [ERROR] Failed to load resource: net::ERR_FAILED @ https://play.google.com/log?format=json&hasfast=true&authuser=0:0
[   17928ms] [ERROR] Failed to load resource: the server responded with a status of 404 () @ https://test.refugiodelsatiro.es/_/view/naLogImpressions/:0
[   17932ms] [ERROR] Failed to load resource: the server responded with a status of 404 () @ https://test.refugiodelsatiro.es/fonts/open-sans-variable.woff2:0
[   18483ms] [ERROR] Access to fetch at 'https://play.google.com/log?format=json&hasfast=true&authuser=0' from origin 'https://test.refugiodelsatiro.es' has been blocked by CORS policy: Response to preflight request doesn't pass access control check: The 'Access-Control-Allow-Origin' header has a value 'http://play.google.com' that is not equal to the supplied origin. Have the server send the header with a valid value. @ https://test.refugiodelsatiro.es/socios/:0
[   18483ms] [ERROR] Failed to load resource: net::ERR_FAILED @ https://play.google.com/log?format=json&hasfast=true&authuser=0:0
[   18571ms] [ERROR] Failed to load resource: the server responded with a status of 404 () @ https://test.refugiodelsatiro.es/fonts/open-sans-variable.woff2:0
[   18615ms] [ERROR] Failed to load resource: the server responded with a status of 404 () @ https://test.refugiodelsatiro.es/_/view/naLogImpressions/:0
[   19265ms] [ERROR] Access to fetch at 'https://play.google.com/log?format=json&hasfast=true&authuser=0' from origin 'https://test.refugiodelsatiro.es' has been blocked by CORS policy: Response to preflight request doesn't pass access control check: The 'Access-Control-Allow-Origin' header has a value 'http://play.google.com' that is not equal to the supplied origin. Have the server send the header with a valid value. @ https://test.refugiodelsatiro.es/juegos-de-rol/campanas/campanas-pasadas/:0
[   19265ms] [ERROR] Failed to load resource: net::ERR_FAILED @ https://play.google.com/log?format=json&hasfast=true&authuser=0:0
[   19573ms] [ERROR] Failed to load resource: the server responded with a status of 404 () @ https://test.refugiodelsatiro.es/fonts/open-sans-variable.woff2:0
[   19573ms] [ERROR] Failed to load resource: the server responded with a status of 404 () @ https://test.refugiodelsatiro.es/_/view/naLogImpressions/:0
